*****************************************************************
      SolidWorks Corporation - IGES Processor Status Report
*****************************************************************
=================================================================
General Information
=================================================================
Sending System Product I.D.  : L298n
Receiving System Product I.D.: L298n
File Name                    : E:\New folder (3)\Desktop\Ghost\Electronics Parts\l298n\L298n.IGS
Sending System               : SolidWorks 2011
Preprocessor Version         : SolidWorks 2011
File Creation Date           : 130515.025339
Model Creation Date          : 130515.025339
Units                        : MM
Model Space Scale            : 1
Author                       : Hasan
Organization                 : 


=================================================================
Entity Processing Information
=================================================================


=================================================================
Precision analysis of IGES file:
=================================================================
  Most prevalent number of significant digits:               1
  Highest number of significant digits:                     10
  Average number of significant digits:                3.18471
  Maximum distance to origin:                          1418.56
  Minimum distance to origin:                                0
  Effective number of significant digits:                   10


=================================================================
Entity Summary
=================================================================
-----------------------------------------------------------------
Type Name                                         Count Converted
---- ----                                         ----- ---------
100  Arc                                           1081      1081
102  Composite curve                               2800      2800
110  Line                                          4953      4953
120  Surface of revolution                          284       284
124  Transformation matrix                         1020      1020
126  Rational B-spline curve                       7022      7022
128  Rational B-spline surface                      936       936
142  Curve on a parametric surface                 1400      1400
144  Trimmed parametric surface                    1220      1220
308  Subfigure definition                             3         3
314  Color definition                               848       848
408  Singular subfigure instance                      3         3
_________________________________________________________________


=================================================================
Result Summary
=================================================================
SolidWorks Feature Type                Count
-----------------------                -----
Solid feature(s)                       15
Surface feature(s)                     0
Curve/Sketch feature(s)                0
--------------------------------------------
Start time: Sunday, November 19, 2017 14:52:44
Finish time: Sunday, November 19, 2017 14:53:06
Processing time: 0 days, 00 hours, 00 mins, 22 secs
